Copyright 1986-2014 Xilinx, Inc. All Rights Reserved.
--------------------------------------------------------------------------------------------
| Tool Version : Vivado v.2014.4 (lin32) Build 1071353 Tue Nov 18 16:37:30 MST 2014
| Date         : Wed Mar  4 21:41:02 2015
| Host         : roy-virtual-machine running 32-bit Ubuntu 14.04.1 LTS
| Command      : report_clock_utilization -file design_wrapper_clock_utilization_placed.rpt
| Design       : design_wrapper
| Device       : xc7z020
--------------------------------------------------------------------------------------------

Clock Utilization Report

Table of Contents
-----------------
1. Clock Primitive Utilization
2. Details of Global Clocks
3. Details of Regional Clocks
4. Details of Multi-Regional Clocks
5. Details of I/O Clocks
6. Details of Local Clocks
7. Clock Regions : Key Resource Utilization
8. Net wise resources used in clock region X1Y0
9. Net wise resources used in clock region X0Y1
10. Net wise resources used in clock region X1Y1
11. Net wise resources used in clock region X0Y2
12. Net wise resources used in clock region X1Y2

1. Clock Primitive Utilization
------------------------------

+-------+------+-----------+-----------+
| Type  | Used | Available | Num Fixed |
+-------+------+-----------+-----------+
| BUFG  |    2 |        32 |         0 |
| BUFH  |    0 |        72 |         0 |
| BUFIO |    0 |        16 |         0 |
| MMCM  |    0 |         4 |         0 |
| PLL   |    0 |         4 |         0 |
| BUFR  |    0 |        16 |         0 |
| BUFMR |    0 |         8 |         0 |
+-------+------+-----------+-----------+


2. Details of Global Clocks
---------------------------

+-------+----------------------------------------------------------------------+----------------------------------------------+--------------+-------+---------------+-----------+
|       |                                                                      |                                              |   Num Loads  |       |               |           |
+-------+----------------------------------------------------------------------+----------------------------------------------+------+-------+-------+---------------+-----------+
| Index | BUFG Cell                                                            | Net Name                                     | BELs | Sites | Fixed | MaxDelay (ns) | Skew (ns) |
+-------+----------------------------------------------------------------------+----------------------------------------------+------+-------+-------+---------------+-----------+
|     1 | O2_CLK_IBUF_BUFG_inst                                                | O2_CLK_IBUF_BUFG                             |  329 |   109 |    no |         2.059 |     0.414 |
|     2 | design_i/processing_system7_1/inst/buffer_fclk_clk_0.FCLK_CLK_0_BUFG | design_i/processing_system7_1/inst/FCLK_CLK0 | 2984 |   803 |    no |         2.057 |     0.472 |
+-------+----------------------------------------------------------------------+----------------------------------------------+------+-------+-------+---------------+-----------+


3. Details of Regional Clocks
-----------------------------

4. Details of Multi-Regional Clocks
-----------------------------------

5. Details of I/O Clocks
------------------------

6. Details of Local Clocks
--------------------------

+-------+-----------------------------------------------------------------+---------------------------------------------------------------------+--------------+-------+---------------+-----------+
|       |                                                                 |                                                                     |   Num Loads  |       |               |           |
+-------+-----------------------------------------------------------------+---------------------------------------------------------------------+------+-------+-------+---------------+-----------+
| Index | Local Clk Src                                                   | Net Name                                                            | BELs | Sites | Fixed | MaxDelay (ns) | Skew (ns) |
+-------+-----------------------------------------------------------------+---------------------------------------------------------------------+------+-------+-------+---------------+-----------+
|     1 | design_i/CLReceive_0/U0/CLReceive_S00_AXI_inst/slv_reg3_set_reg | design_i/CLReceive_0/U0/CLReceive_S00_AXI_inst/n_0_slv_reg3_set_reg |    2 |     2 |    no |         0.773 |     0.210 |
+-------+-----------------------------------------------------------------+---------------------------------------------------------------------+------+-------+-------+---------------+-----------+


7. Clock Regions : Key Resource Utilization
-------------------------------------------

+-------------------+--------------+--------------+--------------+--------------+--------------+--------------+--------------+--------------+--------------+--------------+--------------+--------------+--------------+--------------+--------------+
|                   | Global Clock |     BUFRs    |    BUFMRs    |    BUFIOs    |     MMCM     |      PLL     |      GT      |      PCI     |    ILOGIC    |    OLOGIC    |      FF      |     LUTM     |    RAMB18    |    RAMB36    |    DSP48E1   |
+-------------------+------+-------+------+-------+------+-------+------+-------+------+-------+------+-------+------+-------+------+-------+------+-------+------+-------+------+-------+------+-------+------+-------+------+-------+------+-------+
| Clock Region Name | Used | Avail | Used | Avail | Used | Avail | Used | Avail | Used | Avail | Used | Avail | Used | Avail | Used | Avail | Used | Avail | Used | Avail | Used | Avail | Used | Avail | Used | Avail | Used | Avail | Used | Avail |
+-------------------+------+-------+------+-------+------+-------+------+-------+------+-------+------+-------+------+-------+------+-------+------+-------+------+-------+------+-------+------+-------+------+-------+------+-------+------+-------+
| X0Y0              |    0 |    12 |    0 |     4 |    0 |     2 |    0 |     4 |    0 |     1 |    0 |     1 |    0 |     0 |    0 |     0 |    0 |    50 |    0 |    50 |    0 | 20000 |    0 |  4000 |    0 |    60 |    0 |    30 |    0 |    60 |
| X1Y0              |    1 |    12 |    0 |     4 |    0 |     2 |    0 |     4 |    0 |     1 |    0 |     1 |    0 |     0 |    0 |     0 |    0 |    50 |    0 |    50 |    1 | 25600 |    0 |  3400 |    0 |    60 |    0 |    30 |    0 |    40 |
| X0Y1              |    2 |    12 |    0 |     0 |    0 |     0 |    0 |     0 |    0 |     0 |    0 |     0 |    0 |     0 |    0 |     0 |    0 |     0 |    0 |     0 | 2541 |  9600 |  208 |  1600 |    0 |    20 |    1 |    10 |    0 |    20 |
| X1Y1              |    2 |    12 |    0 |     4 |    0 |     2 |    0 |     4 |    0 |     1 |    0 |     1 |    0 |     0 |    0 |     0 |    0 |    50 |    0 |    50 |   22 | 20800 |    0 |  3400 |    0 |    60 |    0 |    30 |    0 |    40 |
| X0Y2              |    2 |    12 |    0 |     0 |    0 |     0 |    0 |     0 |    0 |     0 |    0 |     0 |    0 |     0 |    0 |     0 |    0 |     0 |    0 |     0 |  429 |  9600 |   22 |  1600 |    0 |    20 |    0 |    10 |    0 |    20 |
| X1Y2              |    2 |    12 |    0 |     4 |    0 |     2 |    0 |     4 |    0 |     1 |    0 |     1 |    0 |     0 |    0 |     0 |    0 |    50 |    0 |    50 |   87 | 20800 |    2 |  3400 |    0 |    60 |    0 |    30 |    0 |    40 |
+-------------------+------+-------+------+-------+------+-------+------+-------+------+-------+------+-------+------+-------+------+-------+------+-------+------+-------+------+-------+------+-------+------+-------+------+-------+------+-------+
* RAMB36 site can be used as two RAMB18/FIFO18 sites


8. Net wise resources used in clock region X1Y0
-----------------------------------------------

+-------------+-------------+-------+-----------+----------+---------+-----------+---------+---------+-----+-------+----------+------------------+
| Source Type | BUFHCE Site | Fixed | MMCM Pins | PLL Pins | GT Pins | BRAM Pins | ILOGICs | OLOGICs | FFs | LUTMs | DSP48E1s |  Clock Net Name  |
+-------------+-------------+-------+-----------+----------+---------+-----------+---------+---------+-----+-------+----------+------------------+
| BUFG        |     ---     |   no  |         0 |        0 |       0 |         0 |       0 |       0 |   1 |     0 |        0 | O2_CLK_IBUF_BUFG |
+-------------+-------------+-------+-----------+----------+---------+-----------+---------+---------+-----+-------+----------+------------------+


9. Net wise resources used in clock region X0Y1
-----------------------------------------------

+-------------+-------------+-------+-----------+----------+---------+-----------+---------+---------+------+-------+----------+----------------------------------------------+
| Source Type | BUFHCE Site | Fixed | MMCM Pins | PLL Pins | GT Pins | BRAM Pins | ILOGICs | OLOGICs |  FFs | LUTMs | DSP48E1s |                Clock Net Name                |
+-------------+-------------+-------+-----------+----------+---------+-----------+---------+---------+------+-------+----------+----------------------------------------------+
| BUFG        |     ---     |   no  |         0 |        0 |       0 |         0 |       0 |       0 |  141 |    56 |        0 | O2_CLK_IBUF_BUFG                             |
| BUFG        |     ---     |   no  |         0 |        0 |       0 |         2 |       0 |       0 | 2400 |   152 |        0 | design_i/processing_system7_1/inst/FCLK_CLK0 |
+-------------+-------------+-------+-----------+----------+---------+-----------+---------+---------+------+-------+----------+----------------------------------------------+


10. Net wise resources used in clock region X1Y1
------------------------------------------------

+-------------+-------------+-------+-----------+----------+---------+-----------+---------+---------+-----+-------+----------+----------------------------------------------+
| Source Type | BUFHCE Site | Fixed | MMCM Pins | PLL Pins | GT Pins | BRAM Pins | ILOGICs | OLOGICs | FFs | LUTMs | DSP48E1s |                Clock Net Name                |
+-------------+-------------+-------+-----------+----------+---------+-----------+---------+---------+-----+-------+----------+----------------------------------------------+
| BUFG        |     ---     |   no  |         0 |        0 |       0 |         0 |       0 |       0 |   1 |     0 |        0 | design_i/processing_system7_1/inst/FCLK_CLK0 |
| BUFG        |     ---     |   no  |         0 |        0 |       0 |         0 |       0 |       0 |  20 |     0 |        0 | O2_CLK_IBUF_BUFG                             |
+-------------+-------------+-------+-----------+----------+---------+-----------+---------+---------+-----+-------+----------+----------------------------------------------+


11. Net wise resources used in clock region X0Y2
------------------------------------------------

+-------------+-------------+-------+-----------+----------+---------+-----------+---------+---------+-----+-------+----------+----------------------------------------------+
| Source Type | BUFHCE Site | Fixed | MMCM Pins | PLL Pins | GT Pins | BRAM Pins | ILOGICs | OLOGICs | FFs | LUTMs | DSP48E1s |                Clock Net Name                |
+-------------+-------------+-------+-----------+----------+---------+-----------+---------+---------+-----+-------+----------+----------------------------------------------+
| BUFG        |     ---     |   no  |         0 |        0 |       0 |         0 |       0 |       0 |  41 |     0 |        0 | O2_CLK_IBUF_BUFG                             |
| BUFG        |     ---     |   no  |         0 |        0 |       0 |         0 |       0 |       0 | 388 |    22 |        0 | design_i/processing_system7_1/inst/FCLK_CLK0 |
+-------------+-------------+-------+-----------+----------+---------+-----------+---------+---------+-----+-------+----------+----------------------------------------------+


12. Net wise resources used in clock region X1Y2
------------------------------------------------

+-------------+-------------+-------+-----------+----------+---------+-----------+---------+---------+-----+-------+----------+----------------------------------------------+
| Source Type | BUFHCE Site | Fixed | MMCM Pins | PLL Pins | GT Pins | BRAM Pins | ILOGICs | OLOGICs | FFs | LUTMs | DSP48E1s |                Clock Net Name                |
+-------------+-------------+-------+-----------+----------+---------+-----------+---------+---------+-----+-------+----------+----------------------------------------------+
| BUFG        |     ---     |   no  |         0 |        0 |       0 |         0 |       0 |       0 |  18 |     1 |        0 | design_i/processing_system7_1/inst/FCLK_CLK0 |
| BUFG        |     ---     |   no  |         0 |        0 |       0 |         0 |       0 |       0 |  69 |     1 |        0 | O2_CLK_IBUF_BUFG                             |
+-------------+-------------+-------+-----------+----------+---------+-----------+---------+---------+-----+-------+----------+----------------------------------------------+



# Location of BUFG Primitives 
set_property LOC BUFGCTRL_X0Y17 [get_cells O2_CLK_IBUF_BUFG_inst]
set_property LOC BUFGCTRL_X0Y16 [get_cells design_i/processing_system7_1/inst/buffer_fclk_clk_0.FCLK_CLK_0_BUFG]

# Location of IO Clock Primitives

# Location of MMCM Clock Primitives

# Location of BUFH Clock Primitives

# Location of BUFR Clock Primitives

# Location of BUFMR Clock Primitives

# Location of PLL Clock Primitives

# Location of IO Primitives which is load of clock spine

# Location of clock ports
set_property LOC IOB_X1Y76 [get_ports O2_CLK]

# Clock net "O2_CLK_IBUF_BUFG" driven by instance "O2_CLK_IBUF_BUFG_inst" located at site "BUFGCTRL_X0Y17"
#startgroup
create_pblock CLKAG_O2_CLK_IBUF_BUFG
add_cells_to_pblock [get_pblocks  CLKAG_O2_CLK_IBUF_BUFG] [get_cells  -filter { IS_PRIMITIVE==1 && PRIMITIVE_LEVEL !=INTERNAL } -of_object [get_pins -filter {DIRECTION==IN} -of_objects [get_nets -hierarchical -filter {PARENT=="O2_CLK_IBUF_BUFG"}]]]
resize_pblock [get_pblocks CLKAG_O2_CLK_IBUF_BUFG] -add {CLOCKREGION_X0Y1:CLOCKREGION_X0Y1 CLOCKREGION_X0Y2:CLOCKREGION_X0Y2 CLOCKREGION_X1Y0:CLOCKREGION_X1Y0 CLOCKREGION_X1Y1:CLOCKREGION_X1Y1 CLOCKREGION_X1Y2:CLOCKREGION_X1Y2}
#endgroup

# Clock net "design_i/CLReceive_0/U0/CLReceive_S00_AXI_inst/n_0_slv_reg3_set_reg" driven by instance "design_i/CLReceive_0/U0/CLReceive_S00_AXI_inst/slv_reg3_set_reg" located at site "SLICE_X43Y100"
#startgroup
create_pblock CLKAG_design_i/CLReceive_0/U0/CLReceive_S00_AXI_inst/n_0_slv_reg3_set_reg
add_cells_to_pblock [get_pblocks  CLKAG_design_i/CLReceive_0/U0/CLReceive_S00_AXI_inst/n_0_slv_reg3_set_reg] [get_cells  -filter { IS_PRIMITIVE==1 && PRIMITIVE_LEVEL !=INTERNAL } -of_object [get_pins -filter {DIRECTION==IN} -of_objects [get_nets -hierarchical -filter {PARENT=="design_i/CLReceive_0/U0/CLReceive_S00_AXI_inst/n_0_slv_reg3_set_reg"}]]]
resize_pblock [get_pblocks CLKAG_design_i/CLReceive_0/U0/CLReceive_S00_AXI_inst/n_0_slv_reg3_set_reg] -add {CLOCKREGION_X0Y2:CLOCKREGION_X0Y2 CLOCKREGION_X1Y1:CLOCKREGION_X1Y1}
#endgroup

# Clock net "design_i/processing_system7_1/inst/FCLK_CLK0" driven by instance "design_i/processing_system7_1/inst/buffer_fclk_clk_0.FCLK_CLK_0_BUFG" located at site "BUFGCTRL_X0Y16"
#startgroup
create_pblock CLKAG_design_i/processing_system7_1/inst/FCLK_CLK0
add_cells_to_pblock [get_pblocks  CLKAG_design_i/processing_system7_1/inst/FCLK_CLK0] [get_cells  -filter { IS_PRIMITIVE==1 && PRIMITIVE_LEVEL !=INTERNAL } -of_object [get_pins -filter {DIRECTION==IN} -of_objects [get_nets -hierarchical -filter {PARENT=="design_i/processing_system7_1/inst/FCLK_CLK0"}]]]
resize_pblock [get_pblocks CLKAG_design_i/processing_system7_1/inst/FCLK_CLK0] -add {CLOCKREGION_X0Y1:CLOCKREGION_X0Y1 CLOCKREGION_X0Y2:CLOCKREGION_X0Y2 CLOCKREGION_X1Y1:CLOCKREGION_X1Y1 CLOCKREGION_X1Y2:CLOCKREGION_X1Y2}
#endgroup
