Copyright 1986-2014 Xilinx, Inc. All Rights Reserved.
---------------------------------------------------------------------------------------
| Tool Version : Vivado v.2014.4 (lin32) Build 1071353 Tue Nov 18 16:37:30 MST 2014
| Date         : Wed Mar  4 21:20:58 2015
| Host         : roy-virtual-machine running 32-bit Ubuntu 14.04.1 LTS
| Command      : report_clock_utilization -file CLReceive_clock_utilization_placed.rpt
| Design       : CLReceive
| Device       : xc7z020
---------------------------------------------------------------------------------------

Clock Utilization Report

Table of Contents
-----------------
1. Clock Primitive Utilization
2. Details of Global Clocks
3. Details of Regional Clocks
4. Details of Multi-Regional Clocks
5. Details of I/O Clocks
6. Details of Local Clocks
7. Clock Regions : Key Resource Utilization
8. Net wise resources used in clock region X0Y0
9. Net wise resources used in clock region X1Y0
10. Net wise resources used in clock region X1Y1

1. Clock Primitive Utilization
------------------------------

+-------+------+-----------+-----------+
| Type  | Used | Available | Num Fixed |
+-------+------+-----------+-----------+
| BUFG  |    3 |        32 |         0 |
| BUFH  |    0 |        72 |         0 |
| BUFIO |    0 |        16 |         0 |
| MMCM  |    0 |         4 |         0 |
| PLL   |    0 |         4 |         0 |
| BUFR  |    0 |        16 |         0 |
| BUFMR |    0 |         8 |         0 |
+-------+------+-----------+-----------+


2. Details of Global Clocks
---------------------------

+-------+------------------------------+-------------------------+--------------+-------+---------------+-----------+
|       |                              |                         |   Num Loads  |       |               |           |
+-------+------------------------------+-------------------------+------+-------+-------+---------------+-----------+
| Index | BUFG Cell                    | Net Name                | BELs | Sites | Fixed | MaxDelay (ns) | Skew (ns) |
+-------+------------------------------+-------------------------+------+-------+-------+---------------+-----------+
|     1 | m00_axis_aclk_IBUF_BUFG_inst | m00_axis_aclk_IBUF_BUFG |    1 |     1 |    no |         1.968 |     0.116 |
|     2 | CLK_O_IBUF_BUFG_inst         | CLK_O_IBUF_BUFG         |  207 |    65 |    no |         2.027 |     0.287 |
|     3 | s00_axi_aclk_IBUF_BUFG_inst  | s00_axi_aclk_IBUF_BUFG  |  257 |    82 |    no |         2.039 |     0.185 |
+-------+------------------------------+-------------------------+------+-------+-------+---------------+-----------+


3. Details of Regional Clocks
-----------------------------

4. Details of Multi-Regional Clocks
-----------------------------------

5. Details of I/O Clocks
------------------------

6. Details of Local Clocks
--------------------------

+-------+-----------------------------------------+---------------------------------------------+--------------+-------+---------------+-----------+
|       |                                         |                                             |   Num Loads  |       |               |           |
+-------+-----------------------------------------+---------------------------------------------+------+-------+-------+---------------+-----------+
| Index | Local Clk Src                           | Net Name                                    | BELs | Sites | Fixed | MaxDelay (ns) | Skew (ns) |
+-------+-----------------------------------------+---------------------------------------------+------+-------+-------+---------------+-----------+
|     1 | CLReceive_S00_AXI_inst/slv_reg3_set_reg | CLReceive_S00_AXI_inst/n_0_slv_reg3_set_reg |    2 |     2 |    no |         0.818 |     0.492 |
+-------+-----------------------------------------+---------------------------------------------+------+-------+-------+---------------+-----------+


7. Clock Regions : Key Resource Utilization
-------------------------------------------

+-------------------+--------------+--------------+--------------+--------------+--------------+--------------+--------------+--------------+--------------+--------------+--------------+--------------+--------------+--------------+--------------+
|                   | Global Clock |     BUFRs    |    BUFMRs    |    BUFIOs    |     MMCM     |      PLL     |      GT      |      PCI     |    ILOGIC    |    OLOGIC    |      FF      |     LUTM     |    RAMB18    |    RAMB36    |    DSP48E1   |
+-------------------+------+-------+------+-------+------+-------+------+-------+------+-------+------+-------+------+-------+------+-------+------+-------+------+-------+------+-------+------+-------+------+-------+------+-------+------+-------+
| Clock Region Name | Used | Avail | Used | Avail | Used | Avail | Used | Avail | Used | Avail | Used | Avail | Used | Avail | Used | Avail | Used | Avail | Used | Avail | Used | Avail | Used | Avail | Used | Avail | Used | Avail | Used | Avail |
+-------------------+------+-------+------+-------+------+-------+------+-------+------+-------+------+-------+------+-------+------+-------+------+-------+------+-------+------+-------+------+-------+------+-------+------+-------+------+-------+
| X0Y0              |    1 |    12 |    0 |     4 |    0 |     2 |    0 |     4 |    0 |     1 |    0 |     1 |    0 |     0 |    0 |     0 |    0 |    50 |    0 |    50 |    7 | 20000 |    0 |  4000 |    0 |    60 |    0 |    30 |    0 |    60 |
| X1Y0              |    2 |    12 |    0 |     4 |    0 |     2 |    0 |     4 |    0 |     1 |    0 |     1 |    0 |     0 |    0 |     0 |    0 |    50 |    0 |    50 |   67 | 25600 |    0 |  3400 |    0 |    60 |    0 |    30 |    0 |    40 |
| X0Y1              |    0 |    12 |    0 |     0 |    0 |     0 |    0 |     0 |    0 |     0 |    0 |     0 |    0 |     0 |    0 |     0 |    0 |     0 |    0 |     0 |    0 |  9600 |    0 |  1600 |    0 |    20 |    0 |    10 |    0 |    20 |
| X1Y1              |    3 |    12 |    0 |     4 |    0 |     2 |    0 |     4 |    0 |     1 |    0 |     1 |    0 |     0 |    0 |     0 |    0 |    50 |    0 |    50 |  392 | 20800 |    0 |  3400 |    0 |    60 |    0 |    30 |    0 |    40 |
| X0Y2              |    0 |    12 |    0 |     0 |    0 |     0 |    0 |     0 |    0 |     0 |    0 |     0 |    0 |     0 |    0 |     0 |    0 |     0 |    0 |     0 |    0 |  9600 |    0 |  1600 |    0 |    20 |    0 |    10 |    0 |    20 |
| X1Y2              |    0 |    12 |    0 |     4 |    0 |     2 |    0 |     4 |    0 |     1 |    0 |     1 |    0 |     0 |    0 |     0 |    0 |    50 |    0 |    50 |    0 | 20800 |    0 |  3400 |    0 |    60 |    0 |    30 |    0 |    40 |
+-------------------+------+-------+------+-------+------+-------+------+-------+------+-------+------+-------+------+-------+------+-------+------+-------+------+-------+------+-------+------+-------+------+-------+------+-------+------+-------+
* RAMB36 site can be used as two RAMB18/FIFO18 sites


8. Net wise resources used in clock region X0Y0
-----------------------------------------------

+-------------+-------------+-------+-----------+----------+---------+-----------+---------+---------+-----+-------+----------+-----------------+
| Source Type | BUFHCE Site | Fixed | MMCM Pins | PLL Pins | GT Pins | BRAM Pins | ILOGICs | OLOGICs | FFs | LUTMs | DSP48E1s |  Clock Net Name |
+-------------+-------------+-------+-----------+----------+---------+-----------+---------+---------+-----+-------+----------+-----------------+
| BUFG        |     ---     |   no  |         0 |        0 |       0 |         0 |       0 |       0 |   7 |     0 |        0 | CLK_O_IBUF_BUFG |
+-------------+-------------+-------+-----------+----------+---------+-----------+---------+---------+-----+-------+----------+-----------------+


9. Net wise resources used in clock region X1Y0
-----------------------------------------------

+-------------+-------------+-------+-----------+----------+---------+-----------+---------+---------+-----+-------+----------+------------------------+
| Source Type | BUFHCE Site | Fixed | MMCM Pins | PLL Pins | GT Pins | BRAM Pins | ILOGICs | OLOGICs | FFs | LUTMs | DSP48E1s |     Clock Net Name     |
+-------------+-------------+-------+-----------+----------+---------+-----------+---------+---------+-----+-------+----------+------------------------+
| BUFG        |     ---     |   no  |         0 |        0 |       0 |         0 |       0 |       0 |  22 |     0 |        0 | s00_axi_aclk_IBUF_BUFG |
| BUFG        |     ---     |   no  |         0 |        0 |       0 |         0 |       0 |       0 |  45 |     0 |        0 | CLK_O_IBUF_BUFG        |
+-------------+-------------+-------+-----------+----------+---------+-----------+---------+---------+-----+-------+----------+------------------------+


10. Net wise resources used in clock region X1Y1
------------------------------------------------

+-------------+-------------+-------+-----------+----------+---------+-----------+---------+---------+-----+-------+----------+-------------------------+
| Source Type | BUFHCE Site | Fixed | MMCM Pins | PLL Pins | GT Pins | BRAM Pins | ILOGICs | OLOGICs | FFs | LUTMs | DSP48E1s |      Clock Net Name     |
+-------------+-------------+-------+-----------+----------+---------+-----------+---------+---------+-----+-------+----------+-------------------------+
| BUFG        |     ---     |   no  |         0 |        0 |       0 |         0 |       0 |       0 |   1 |     0 |        0 | m00_axis_aclk_IBUF_BUFG |
| BUFG        |     ---     |   no  |         0 |        0 |       0 |         0 |       0 |       0 | 155 |     0 |        0 | CLK_O_IBUF_BUFG         |
| BUFG        |     ---     |   no  |         0 |        0 |       0 |         0 |       0 |       0 | 235 |     0 |        0 | s00_axi_aclk_IBUF_BUFG  |
+-------------+-------------+-------+-----------+----------+---------+-----------+---------+---------+-----+-------+----------+-------------------------+



# Location of BUFG Primitives 
set_property LOC BUFGCTRL_X0Y1 [get_cells CLK_O_IBUF_BUFG_inst]
set_property LOC BUFGCTRL_X0Y2 [get_cells m00_axis_aclk_IBUF_BUFG_inst]
set_property LOC BUFGCTRL_X0Y0 [get_cells s00_axi_aclk_IBUF_BUFG_inst]

# Location of IO Clock Primitives

# Location of MMCM Clock Primitives

# Location of BUFH Clock Primitives

# Location of BUFR Clock Primitives

# Location of BUFMR Clock Primitives

# Location of PLL Clock Primitives

# Location of IO Primitives which is load of clock spine

# Location of clock ports
set_property LOC IOB_X1Y24 [get_ports CLK_O]
set_property LOC IOB_X1Y26 [get_ports m00_axis_aclk]
set_property LOC IOB_X1Y28 [get_ports s00_axi_aclk]

# Clock net "CLK_O_IBUF_BUFG" driven by instance "CLK_O_IBUF_BUFG_inst" located at site "BUFGCTRL_X0Y1"
#startgroup
create_pblock CLKAG_CLK_O_IBUF_BUFG
add_cells_to_pblock [get_pblocks  CLKAG_CLK_O_IBUF_BUFG] [get_cells  -filter { IS_PRIMITIVE==1 && PRIMITIVE_LEVEL !=INTERNAL } -of_object [get_pins -filter {DIRECTION==IN} -of_objects [get_nets -hierarchical -filter {PARENT=="CLK_O_IBUF_BUFG"}]]]
resize_pblock [get_pblocks CLKAG_CLK_O_IBUF_BUFG] -add {CLOCKREGION_X0Y0:CLOCKREGION_X0Y0 CLOCKREGION_X1Y0:CLOCKREGION_X1Y0 CLOCKREGION_X1Y1:CLOCKREGION_X1Y1}
#endgroup

# Clock net "CLReceive_S00_AXI_inst/n_0_slv_reg3_set_reg" driven by instance "CLReceive_S00_AXI_inst/slv_reg3_set_reg" located at site "SLICE_X113Y59"
#startgroup
create_pblock CLKAG_CLReceive_S00_AXI_inst/n_0_slv_reg3_set_reg
add_cells_to_pblock [get_pblocks  CLKAG_CLReceive_S00_AXI_inst/n_0_slv_reg3_set_reg] [get_cells  -filter { IS_PRIMITIVE==1 && PRIMITIVE_LEVEL !=INTERNAL } -of_object [get_pins -filter {DIRECTION==IN} -of_objects [get_nets -hierarchical -filter {PARENT=="CLReceive_S00_AXI_inst/n_0_slv_reg3_set_reg"}]]]
resize_pblock [get_pblocks CLKAG_CLReceive_S00_AXI_inst/n_0_slv_reg3_set_reg] -add {CLOCKREGION_X1Y1:CLOCKREGION_X1Y1}
#endgroup

# Clock net "m00_axis_aclk_IBUF_BUFG" driven by instance "m00_axis_aclk_IBUF_BUFG_inst" located at site "BUFGCTRL_X0Y2"
#startgroup
create_pblock CLKAG_m00_axis_aclk_IBUF_BUFG
add_cells_to_pblock [get_pblocks  CLKAG_m00_axis_aclk_IBUF_BUFG] [get_cells  -filter { IS_PRIMITIVE==1 && PRIMITIVE_LEVEL !=INTERNAL } -of_object [get_pins -filter {DIRECTION==IN} -of_objects [get_nets -hierarchical -filter {PARENT=="m00_axis_aclk_IBUF_BUFG"}]]]
resize_pblock [get_pblocks CLKAG_m00_axis_aclk_IBUF_BUFG] -add {CLOCKREGION_X1Y1:CLOCKREGION_X1Y1}
#endgroup

# Clock net "s00_axi_aclk_IBUF_BUFG" driven by instance "s00_axi_aclk_IBUF_BUFG_inst" located at site "BUFGCTRL_X0Y0"
#startgroup
create_pblock CLKAG_s00_axi_aclk_IBUF_BUFG
add_cells_to_pblock [get_pblocks  CLKAG_s00_axi_aclk_IBUF_BUFG] [get_cells  -filter { IS_PRIMITIVE==1 && PRIMITIVE_LEVEL !=INTERNAL } -of_object [get_pins -filter {DIRECTION==IN} -of_objects [get_nets -hierarchical -filter {PARENT=="s00_axi_aclk_IBUF_BUFG"}]]]
resize_pblock [get_pblocks CLKAG_s00_axi_aclk_IBUF_BUFG] -add {CLOCKREGION_X1Y0:CLOCKREGION_X1Y0 CLOCKREGION_X1Y1:CLOCKREGION_X1Y1}
#endgroup
